#-----------------------------------------------------------
# xsim v2021.2 (64-bit)
# SW Build 3367213 on Tue Oct 19 02:48:09 MDT 2021
# IP Build 3369179 on Thu Oct 21 08:25:16 MDT 2021
# Start of session at: Fri Jan 13 14:44:16 2023
# Process ID: 27416
# Current directory: C:/Users/whdck/Desktop/인반설/AI_SEMICON/ACC_POOL/SIM
# Command line: xsim.exe -source {xsim.dir/tb_acc_active_snapshot.wdb/xsim_script.tcl}
# Log file: C:/Users/whdck/Desktop/인반설/AI_SEMICON/ACC_POOL/SIM/xsim.log
# Journal file: C:/Users/whdck/Desktop/인반설/AI_SEMICON/ACC_POOL/SIM\xsim.jou
# Running On: DESKTOP-IL1PJ29, OS: Windows, CPU Frequency: 1800 MHz, CPU Physical cores: 4, Host memory: 8467 MB
#-----------------------------------------------------------
start_gui
source xsim.dir/tb_acc_active_snapshot.wdb/xsim_script.tcl
add_wave {{/tb_acc_active/u_dut/clk}} {{/tb_acc_active/u_dut/rst_n}} {{/tb_acc_active/u_dut/psum_i}} {{/tb_acc_active/u_dut/pvalid_i}} {{/tb_acc_active/u_dut/ofmap_size_i}} {{/tb_acc_active/u_dut/ifmap_ch_i}} {{/tb_acc_active/u_dut/start_fc_i}} {{/tb_acc_active/u_dut/in_node_num_i}} {{/tb_acc_active/u_dut/out_node_num_i}} {{/tb_acc_active/u_dut/wbuf_wren_i}} {{/tb_acc_active/u_dut/wbuf_wrptr_i}} {{/tb_acc_active/u_dut/wbuf_wdata_i}} {{/tb_acc_active/u_dut/ifmap_wren_i}} {{/tb_acc_active/u_dut/ifmap_wrptr_i}} {{/tb_acc_active/u_dut/ifmap_wdata_i}} {{/tb_acc_active/u_dut/fc_last_o}} {{/tb_acc_active/u_dut/fc_valid_o}} {{/tb_acc_active/u_dut/fc_result_o}} {{/tb_acc_active/u_dut/pool_last_o}} {{/tb_acc_active/u_dut/pool_valid_o}} {{/tb_acc_active/u_dut/pool_result_o}} {{/tb_acc_active/u_dut/pool_result_address_o}} {{/tb_acc_active/u_dut/act_last}} {{/tb_acc_active/u_dut/act_valid}} {{/tb_acc_active/u_dut/act_result}} {{/tb_acc_active/u_dut/act_result_address}} 
current_wave_config {Untitled 1}
add_wave {{/tb_acc_active/u_dut/u_acc_active/conv_result}} {{/tb_acc_active/u_dut/u_acc_active/conv_addr}} 
current_wave_config {Untitled 1}
add_wave {{/tb_acc_active/u_dut/u_acc_active/conv_valid}} 
current_wave_config {Untitled 1}
add_wave {{/tb_acc_active/u_dut/u_acc_pool/acc_valid_i}} 
current_wave_config {Untitled 1}
add_wave {{/tb_acc_active/u_dut/u_acc_pool/acc_result_i}} 
close_sim
